nohup: ignoring input

> manga-downloader-api@2.0.0 start
> node dist/index.js


╔══════════════════════════════════════════════════════════════════╗
║             Manga Downloader API v2.0.0                          ║
╠══════════════════════════════════════════════════════════════════╣
║                                                                  ║
║  🚀 Servidor: http://localhost:3000                              ║
║  📚 Documentação: http://localhost:3000/docs                     ║
║                                                                  ║
║  Endpoints principais:                                           ║
║  ├─ GET  /api/connectors           Lista conectores              ║
║  ├─ GET  /api/manga/info           Info do mangá                 ║
║  ├─ GET  /api/manga/chapter/pages  Páginas do capítulo           ║
║  ├─ POST /api/downloads            Iniciar download              ║
║  ├─ POST /api/downloads/chapter    Baixar capítulo               ║
║  ├─ GET  /api/downloads            Listar downloads              ║
║  ├─ GET  /api/downloads/:id        Status do download            ║
║  └─ GET  /api/system/stats         Estatísticas                  ║
║                                                                  ║
║  Conectores disponíveis:                                         ║
║  └─ MangaLivre (mangalivre.to)                                   ║
║                                                                  ║
╚══════════════════════════════════════════════════════════════════╝
  
^C